Archive member included because of file (symbol)

/usr/lib/gcc/avr/4.8.2/avr5/libgcc.a(_exit.o)
                              /usr/lib/gcc/avr/4.8.2/../../../avr/lib/avr5/crtm16.o (exit)
/usr/lib/gcc/avr/4.8.2/avr5/libgcc.a(_tablejump.o)
                              ./DIO_Prog.o (__tablejump2__)

Memory Configuration

Name             Origin             Length             Attributes
text             0x0000000000000000 0x0000000000020000 xr
data             0x0000000000800060 0x000000000000ffa0 rw !x
eeprom           0x0000000000810000 0x0000000000010000 rw !x
fuse             0x0000000000820000 0x0000000000000400 rw !x
lock             0x0000000000830000 0x0000000000000400 rw !x
signature        0x0000000000840000 0x0000000000000400 rw !x
user_signatures  0x0000000000850000 0x0000000000000400 rw !x
*default*        0x0000000000000000 0xffffffffffffffff

Linker script and memory map

LOAD /usr/lib/gcc/avr/4.8.2/../../../avr/lib/avr5/crtm16.o
LOAD ./DIO_Prog.o
LOAD ./delay_ms.o
LOAD ./main.o
START GROUP
LOAD /usr/lib/gcc/avr/4.8.2/avr5/libgcc.a
LOAD /usr/lib/gcc/avr/4.8.2/../../../avr/lib/avr5/libm.a
LOAD /usr/lib/gcc/avr/4.8.2/../../../avr/lib/avr5/libc.a
END GROUP

.hash
 *(.hash)

.dynsym
 *(.dynsym)

.dynstr
 *(.dynstr)

.gnu.version
 *(.gnu.version)

.gnu.version_d
 *(.gnu.version_d)

.gnu.version_r
 *(.gnu.version_r)

.rel.init
 *(.rel.init)

.rela.init
 *(.rela.init)

.rel.text
 *(.rel.text)
 *(.rel.text.*)
 *(.rel.gnu.linkonce.t*)

.rela.text
 *(.rela.text)
 *(.rela.text.*)
 *(.rela.gnu.linkonce.t*)

.rel.fini
 *(.rel.fini)

.rela.fini
 *(.rela.fini)

.rel.rodata
 *(.rel.rodata)
 *(.rel.rodata.*)
 *(.rel.gnu.linkonce.r*)

.rela.rodata
 *(.rela.rodata)
 *(.rela.rodata.*)
 *(.rela.gnu.linkonce.r*)

.rel.data
 *(.rel.data)
 *(.rel.data.*)
 *(.rel.gnu.linkonce.d*)

.rela.data
 *(.rela.data)
 *(.rela.data.*)
 *(.rela.gnu.linkonce.d*)

.rel.ctors
 *(.rel.ctors)

.rela.ctors
 *(.rela.ctors)

.rel.dtors
 *(.rel.dtors)

.rela.dtors
 *(.rela.dtors)

.rel.got
 *(.rel.got)

.rela.got
 *(.rela.got)

.rel.bss
 *(.rel.bss)

.rela.bss
 *(.rela.bss)

.rel.plt
 *(.rel.plt)

.rela.plt
 *(.rela.plt)

.text           0x0000000000000000     0x19b8
 *(.vectors)
 .vectors       0x0000000000000000       0x54 /usr/lib/gcc/avr/4.8.2/../../../avr/lib/avr5/crtm16.o
                0x0000000000000000                __vectors
                0x0000000000000000                __vector_default
 *(.vectors)
 *(.progmem.gcc*)
 .progmem.gcc_sw_table.DIO_u8SetPinDirection
                0x0000000000000054       0x40 ./DIO_Prog.o
 .progmem.gcc_sw_table.DIO_u8SetPinValue
                0x0000000000000094       0x40 ./DIO_Prog.o
 .progmem.gcc_sw_table.DIO_u8GetPinValue
                0x00000000000000d4       0x40 ./DIO_Prog.o
 *(.progmem*)
 .progmem.data.arr
                0x0000000000000114      0xfc0 ./main.o
                0x0000000000000114                arr
                0x00000000000010d4                . = ALIGN (0x2)
                0x00000000000010d4                __trampolines_start = .
 *(.trampolines)
 .trampolines   0x00000000000010d4        0x0 linker stubs
 *(.trampolines*)
                0x00000000000010d4                __trampolines_end = .
 *(.jumptables)
 *(.jumptables*)
 *(.lowtext)
 *(.lowtext*)
                0x00000000000010d4                __ctors_start = .
 *(.ctors)
                0x00000000000010d4                __ctors_end = .
                0x00000000000010d4                __dtors_start = .
 *(.dtors)
                0x00000000000010d4                __dtors_end = .
 SORT(*)(.ctors)
 SORT(*)(.dtors)
 *(.init0)
 .init0         0x00000000000010d4        0x0 /usr/lib/gcc/avr/4.8.2/../../../avr/lib/avr5/crtm16.o
                0x00000000000010d4                __init
 *(.init0)
 *(.init1)
 *(.init1)
 *(.init2)
 .init2         0x00000000000010d4        0xc /usr/lib/gcc/avr/4.8.2/../../../avr/lib/avr5/crtm16.o
 *(.init2)
 *(.init3)
 *(.init3)
 *(.init4)
 *(.init4)
 *(.init5)
 *(.init5)
 *(.init6)
 *(.init6)
 *(.init7)
 *(.init7)
 *(.init8)
 *(.init8)
 *(.init9)
 .init9         0x00000000000010e0        0x8 /usr/lib/gcc/avr/4.8.2/../../../avr/lib/avr5/crtm16.o
 *(.init9)
 *(.text)
 .text          0x00000000000010e8        0x4 /usr/lib/gcc/avr/4.8.2/../../../avr/lib/avr5/crtm16.o
                0x00000000000010e8                __vector_1
                0x00000000000010e8                __vector_12
                0x00000000000010e8                __bad_interrupt
                0x00000000000010e8                __vector_6
                0x00000000000010e8                __vector_3
                0x00000000000010e8                __vector_11
                0x00000000000010e8                __vector_13
                0x00000000000010e8                __vector_17
                0x00000000000010e8                __vector_19
                0x00000000000010e8                __vector_7
                0x00000000000010e8                __vector_5
                0x00000000000010e8                __vector_4
                0x00000000000010e8                __vector_9
                0x00000000000010e8                __vector_2
                0x00000000000010e8                __vector_15
                0x00000000000010e8                __vector_8
                0x00000000000010e8                __vector_14
                0x00000000000010e8                __vector_10
                0x00000000000010e8                __vector_16
                0x00000000000010e8                __vector_18
                0x00000000000010e8                __vector_20
 .text          0x00000000000010ec        0x0 ./DIO_Prog.o
 .text          0x00000000000010ec        0x0 ./delay_ms.o
 .text          0x00000000000010ec        0x0 ./main.o
 .text          0x00000000000010ec        0x0 /usr/lib/gcc/avr/4.8.2/avr5/libgcc.a(_exit.o)
 .text          0x00000000000010ec        0x0 /usr/lib/gcc/avr/4.8.2/avr5/libgcc.a(_tablejump.o)
                0x00000000000010ec                . = ALIGN (0x2)
 *(.text.*)
 .text.DIO_voidInitialize
                0x00000000000010ec       0x58 ./DIO_Prog.o
                0x00000000000010ec                DIO_voidInitialize
 .text.DIO_u8SetPortDirection
                0x0000000000001144       0x50 ./DIO_Prog.o
                0x0000000000001144                DIO_u8SetPortDirection
 .text.DIO_u8SetPinDirection
                0x0000000000001194      0x22e ./DIO_Prog.o
                0x0000000000001194                DIO_u8SetPinDirection
 .text.DIO_u8SetPortValue
                0x00000000000013c2       0x2a ./DIO_Prog.o
                0x00000000000013c2                DIO_u8SetPortValue
 .text.DIO_u8SetPinValue
                0x00000000000013ec      0x22e ./DIO_Prog.o
                0x00000000000013ec                DIO_u8SetPinValue
 .text.DIO_u8GetPortValue
                0x000000000000161a       0x20 ./DIO_Prog.o
                0x000000000000161a                DIO_u8GetPortValue
 .text.DIO_u8GetPinValue
                0x000000000000163a      0x108 ./DIO_Prog.o
                0x000000000000163a                DIO_u8GetPinValue
 .text.delay_ms
                0x0000000000001742       0x8a ./delay_ms.o
                0x0000000000001742                delay_ms
 .text.main     0x00000000000017cc       0x1c ./main.o
                0x00000000000017cc                main
 .text.LCD_init
                0x00000000000017e8       0x4e ./main.o
                0x00000000000017e8                LCD_init
 .text.LCD_write_cmd
                0x0000000000001836       0x62 ./main.o
                0x0000000000001836                LCD_write_cmd
 .text.LCD_write_data
                0x0000000000001898       0x62 ./main.o
                0x0000000000001898                LCD_write_data
 .text.LCD_update
                0x00000000000018fa       0xae ./main.o
                0x00000000000018fa                LCD_update
 .text.libgcc.mul
                0x00000000000019a8        0x0 /usr/lib/gcc/avr/4.8.2/avr5/libgcc.a(_exit.o)
 .text.libgcc.div
                0x00000000000019a8        0x0 /usr/lib/gcc/avr/4.8.2/avr5/libgcc.a(_exit.o)
 .text.libgcc   0x00000000000019a8        0x0 /usr/lib/gcc/avr/4.8.2/avr5/libgcc.a(_exit.o)
 .text.libgcc.prologue
                0x00000000000019a8        0x0 /usr/lib/gcc/avr/4.8.2/avr5/libgcc.a(_exit.o)
 .text.libgcc.builtins
                0x00000000000019a8        0x0 /usr/lib/gcc/avr/4.8.2/avr5/libgcc.a(_exit.o)
 .text.libgcc.fmul
                0x00000000000019a8        0x0 /usr/lib/gcc/avr/4.8.2/avr5/libgcc.a(_exit.o)
 .text.libgcc.fixed
                0x00000000000019a8        0x0 /usr/lib/gcc/avr/4.8.2/avr5/libgcc.a(_exit.o)
 .text.libgcc.mul
                0x00000000000019a8        0x0 /usr/lib/gcc/avr/4.8.2/avr5/libgcc.a(_tablejump.o)
 .text.libgcc.div
                0x00000000000019a8        0x0 /usr/lib/gcc/avr/4.8.2/avr5/libgcc.a(_tablejump.o)
 .text.libgcc   0x00000000000019a8        0xc /usr/lib/gcc/avr/4.8.2/avr5/libgcc.a(_tablejump.o)
                0x00000000000019a8                __tablejump2__
                0x00000000000019ac                __tablejump__
 .text.libgcc.prologue
                0x00000000000019b4        0x0 /usr/lib/gcc/avr/4.8.2/avr5/libgcc.a(_tablejump.o)
 .text.libgcc.builtins
                0x00000000000019b4        0x0 /usr/lib/gcc/avr/4.8.2/avr5/libgcc.a(_tablejump.o)
 .text.libgcc.fmul
                0x00000000000019b4        0x0 /usr/lib/gcc/avr/4.8.2/avr5/libgcc.a(_tablejump.o)
 .text.libgcc.fixed
                0x00000000000019b4        0x0 /usr/lib/gcc/avr/4.8.2/avr5/libgcc.a(_tablejump.o)
                0x00000000000019b4                . = ALIGN (0x2)
 *(.fini9)
 .fini9         0x00000000000019b4        0x0 /usr/lib/gcc/avr/4.8.2/avr5/libgcc.a(_exit.o)
                0x00000000000019b4                exit
                0x00000000000019b4                _exit
 *(.fini9)
 *(.fini8)
 *(.fini8)
 *(.fini7)
 *(.fini7)
 *(.fini6)
 *(.fini6)
 *(.fini5)
 *(.fini5)
 *(.fini4)
 *(.fini4)
 *(.fini3)
 *(.fini3)
 *(.fini2)
 *(.fini2)
 *(.fini1)
 *(.fini1)
 *(.fini0)
 .fini0         0x00000000000019b4        0x4 /usr/lib/gcc/avr/4.8.2/avr5/libgcc.a(_exit.o)
 *(.fini0)
                0x00000000000019b8                _etext = .

.data           0x0000000000800060        0x0 load address 0x00000000000019b8
                0x0000000000800060                PROVIDE (__data_start, .)
 *(.data)
 .data          0x0000000000800060        0x0 /usr/lib/gcc/avr/4.8.2/../../../avr/lib/avr5/crtm16.o
 .data          0x0000000000800060        0x0 ./DIO_Prog.o
 .data          0x0000000000800060        0x0 ./delay_ms.o
 .data          0x0000000000800060        0x0 ./main.o
 .data          0x0000000000800060        0x0 /usr/lib/gcc/avr/4.8.2/avr5/libgcc.a(_exit.o)
 .data          0x0000000000800060        0x0 /usr/lib/gcc/avr/4.8.2/avr5/libgcc.a(_tablejump.o)
 *(.data*)
 *(.rodata)
 *(.rodata*)
 *(.gnu.linkonce.d*)
                0x0000000000800060                . = ALIGN (0x2)
                0x0000000000800060                _edata = .
                0x0000000000800060                PROVIDE (__data_end, .)

.bss            0x0000000000800060        0x0
                0x0000000000800060                PROVIDE (__bss_start, .)
 *(.bss)
 .bss           0x0000000000800060        0x0 /usr/lib/gcc/avr/4.8.2/../../../avr/lib/avr5/crtm16.o
 .bss           0x0000000000800060        0x0 ./DIO_Prog.o
 .bss           0x0000000000800060        0x0 ./delay_ms.o
 .bss           0x0000000000800060        0x0 ./main.o
 .bss           0x0000000000800060        0x0 /usr/lib/gcc/avr/4.8.2/avr5/libgcc.a(_exit.o)
 .bss           0x0000000000800060        0x0 /usr/lib/gcc/avr/4.8.2/avr5/libgcc.a(_tablejump.o)
 *(.bss*)
 *(COMMON)
                0x0000000000800060                PROVIDE (__bss_end, .)
                0x00000000000019b8                __data_load_start = LOADADDR (.data)
                0x00000000000019b8                __data_load_end = (__data_load_start + SIZEOF (.data))

.noinit         0x0000000000800060        0x0
                0x0000000000800060                PROVIDE (__noinit_start, .)
 *(.noinit*)
                0x0000000000800060                PROVIDE (__noinit_end, .)
                0x0000000000800060                _end = .
                0x0000000000800060                PROVIDE (__heap_start, .)

.eeprom         0x0000000000810000        0x0
 *(.eeprom*)
                0x0000000000810000                __eeprom_end = .

.fuse
 *(.fuse)
 *(.lfuse)
 *(.hfuse)
 *(.efuse)

.lock
 *(.lock*)

.signature
 *(.signature*)

.user_signatures
 *(.user_signatures*)

.stab           0x0000000000000000     0x1a7c
 *(.stab)
 .stab          0x0000000000000000      0x6cc /usr/lib/gcc/avr/4.8.2/../../../avr/lib/avr5/crtm16.o
 .stab          0x00000000000006cc      0x8e8 ./DIO_Prog.o
                                        0x8f4 (size before relaxing)
 .stab          0x0000000000000fb4      0x324 ./delay_ms.o
                                        0x3fc (size before relaxing)
 .stab          0x00000000000012d8      0x7a4 ./main.o
                                        0x87c (size before relaxing)

.stabstr        0x0000000000000000     0x10a0
 *(.stabstr)
 .stabstr       0x0000000000000000     0x10a0 /usr/lib/gcc/avr/4.8.2/../../../avr/lib/avr5/crtm16.o

.stab.excl
 *(.stab.excl)

.stab.exclstr
 *(.stab.exclstr)

.stab.index
 *(.stab.index)

.stab.indexstr
 *(.stab.indexstr)

.comment        0x0000000000000000       0x11
 *(.comment)
 .comment       0x0000000000000000       0x11 ./DIO_Prog.o
                                         0x12 (size before relaxing)
 .comment       0x0000000000000000       0x12 ./delay_ms.o
 .comment       0x0000000000000000       0x12 ./main.o

.debug
 *(.debug)

.line
 *(.line)

.debug_srcinfo
 *(.debug_srcinfo)

.debug_sfnames
 *(.debug_sfnames)

.debug_aranges
 *(.debug_aranges)

.debug_pubnames
 *(.debug_pubnames)

.debug_info
 *(.debug_info)
 *(.gnu.linkonce.wi.*)

.debug_abbrev
 *(.debug_abbrev)

.debug_line
 *(.debug_line)

.debug_frame
 *(.debug_frame)

.debug_str
 *(.debug_str)

.debug_loc
 *(.debug_loc)

.debug_macinfo
 *(.debug_macinfo)

.debug_pubtypes
 *(.debug_pubtypes)

.debug_ranges
 *(.debug_ranges)

.debug_macro
 *(.debug_macro)
OUTPUT(Nokia.elf elf32-avr)
LOAD linker stubs
